// Jest Snapshot v1, https://goo.gl/fbAQLP

exports[`[RENDER] TextBox â€“ Snapshot test Matches the snapshot 1`] = `
<div
  class="TextBox"
  className="textbox"
>
  <label
    className="inputLabel"
  >
    TextBox
  </label>
  <input
    className="inputValue"
    id="textbox"
    onChange={[Function]}
    type="text"
    value="0"
  />
</div>
`;
